Drill report for base-rear-interface01.kicad_pcb
Created on 2026-09-30T18:56:39

Copper Layer Stackup:
    =============================================================
    L1 :  F.Cu                      front
    L2 :  In1.Cu                    in1
    L3 :  In2.Cu                    in2
    L4 :  B.Cu                      back


Drill file 'base-rear-interface01-PTH.drl' contains
    plated through holes:
    =============================================================
    T1  0.300mm  0.0118"  (14 holes))
    T2  0.800mm  0.0315"  (16 holes))
    T3  1.000mm  0.0394"  (4 holes)  (with 4 slots)
    T4  1.300mm  0.0512"  (6 holes))
    T5  1.850mm  0.0728"  (12 holes))

    Total plated holes count 52


Drill file 'base-rear-interface01-NPTH.drl' contains
    unplated through holes:
    =============================================================
    T1  3.180mm  0.1252"  (4 holes))
    T2  3.200mm  0.1260"  (6 holes))

    Total unplated holes count 10
